------------------------------------------------------------
TimeQuest Timing Analyzer Summary
------------------------------------------------------------

Type  : Slow 1200mV 85C Model Setup 'clk_in'
Slack : -4.004
TNS   : -229.454

Type  : Slow 1200mV 85C Model Setup 'frequency_divider_100_Hz:frequency_divider_100_Hz|slow_clk'
Slack : -1.438
TNS   : -15.099

Type  : Slow 1200mV 85C Model Setup 'DeBounce:DeBounce|my_dff:d1|Q'
Slack : -1.160
TNS   : -4.294

Type  : Slow 1200mV 85C Model Setup 'frequency_divider_1_second:frequency_divider_1_second|slow_clk'
Slack : 0.039
TNS   : 0.000

Type  : Slow 1200mV 85C Model Hold 'frequency_divider_1_second:frequency_divider_1_second|slow_clk'
Slack : 0.017
TNS   : 0.000

Type  : Slow 1200mV 85C Model Hold 'DeBounce:DeBounce|my_dff:d1|Q'
Slack : 0.455
TNS   : 0.000

Type  : Slow 1200mV 85C Model Hold 'frequency_divider_100_Hz:frequency_divider_100_Hz|slow_clk'
Slack : 0.455
TNS   : 0.000

Type  : Slow 1200mV 85C Model Hold 'clk_in'
Slack : 0.625
TNS   : 0.000

Type  : Slow 1200mV 85C Model Minimum Pulse Width 'clk_in'
Slack : -3.000
TNS   : -101.142

Type  : Slow 1200mV 85C Model Minimum Pulse Width 'frequency_divider_100_Hz:frequency_divider_100_Hz|slow_clk'
Slack : -1.487
TNS   : -25.279

Type  : Slow 1200mV 85C Model Minimum Pulse Width 'DeBounce:DeBounce|my_dff:d1|Q'
Slack : -1.487
TNS   : -7.435

Type  : Slow 1200mV 85C Model Minimum Pulse Width 'frequency_divider_1_second:frequency_divider_1_second|slow_clk'
Slack : -1.487
TNS   : -4.461

Type  : Slow 1200mV 0C Model Setup 'clk_in'
Slack : -3.672
TNS   : -209.678

Type  : Slow 1200mV 0C Model Setup 'frequency_divider_100_Hz:frequency_divider_100_Hz|slow_clk'
Slack : -1.280
TNS   : -12.921

Type  : Slow 1200mV 0C Model Setup 'DeBounce:DeBounce|my_dff:d1|Q'
Slack : -0.959
TNS   : -3.412

Type  : Slow 1200mV 0C Model Setup 'frequency_divider_1_second:frequency_divider_1_second|slow_clk'
Slack : 0.134
TNS   : 0.000

Type  : Slow 1200mV 0C Model Hold 'frequency_divider_1_second:frequency_divider_1_second|slow_clk'
Slack : 0.050
TNS   : 0.000

Type  : Slow 1200mV 0C Model Hold 'DeBounce:DeBounce|my_dff:d1|Q'
Slack : 0.403
TNS   : 0.000

Type  : Slow 1200mV 0C Model Hold 'frequency_divider_100_Hz:frequency_divider_100_Hz|slow_clk'
Slack : 0.403
TNS   : 0.000

Type  : Slow 1200mV 0C Model Hold 'clk_in'
Slack : 0.554
TNS   : 0.000

Type  : Slow 1200mV 0C Model Minimum Pulse Width 'clk_in'
Slack : -3.000
TNS   : -101.142

Type  : Slow 1200mV 0C Model Minimum Pulse Width 'frequency_divider_100_Hz:frequency_divider_100_Hz|slow_clk'
Slack : -1.487
TNS   : -25.279

Type  : Slow 1200mV 0C Model Minimum Pulse Width 'DeBounce:DeBounce|my_dff:d1|Q'
Slack : -1.487
TNS   : -7.435

Type  : Slow 1200mV 0C Model Minimum Pulse Width 'frequency_divider_1_second:frequency_divider_1_second|slow_clk'
Slack : -1.487
TNS   : -4.461

Type  : Fast 1200mV 0C Model Setup 'clk_in'
Slack : -1.035
TNS   : -55.721

Type  : Fast 1200mV 0C Model Setup 'frequency_divider_100_Hz:frequency_divider_100_Hz|slow_clk'
Slack : -0.064
TNS   : -0.092

Type  : Fast 1200mV 0C Model Setup 'DeBounce:DeBounce|my_dff:d1|Q'
Slack : 0.059
TNS   : 0.000

Type  : Fast 1200mV 0C Model Setup 'frequency_divider_1_second:frequency_divider_1_second|slow_clk'
Slack : 0.290
TNS   : 0.000

Type  : Fast 1200mV 0C Model Hold 'frequency_divider_1_second:frequency_divider_1_second|slow_clk'
Slack : -0.054
TNS   : -0.054

Type  : Fast 1200mV 0C Model Hold 'DeBounce:DeBounce|my_dff:d1|Q'
Slack : 0.186
TNS   : 0.000

Type  : Fast 1200mV 0C Model Hold 'frequency_divider_100_Hz:frequency_divider_100_Hz|slow_clk'
Slack : 0.187
TNS   : 0.000

Type  : Fast 1200mV 0C Model Hold 'clk_in'
Slack : 0.255
TNS   : 0.000

Type  : Fast 1200mV 0C Model Minimum Pulse Width 'clk_in'
Slack : -3.000
TNS   : -73.470

Type  : Fast 1200mV 0C Model Minimum Pulse Width 'frequency_divider_100_Hz:frequency_divider_100_Hz|slow_clk'
Slack : -1.000
TNS   : -17.000

Type  : Fast 1200mV 0C Model Minimum Pulse Width 'DeBounce:DeBounce|my_dff:d1|Q'
Slack : -1.000
TNS   : -5.000

Type  : Fast 1200mV 0C Model Minimum Pulse Width 'frequency_divider_1_second:frequency_divider_1_second|slow_clk'
Slack : -1.000
TNS   : -3.000

------------------------------------------------------------
