------------------------------------------------------------
TimeQuest Timing Analyzer Summary
------------------------------------------------------------

Type  : Slow 1200mV 85C Model Setup 'clk_in'
Slack : -3.494
TNS   : -107.799

Type  : Slow 1200mV 85C Model Setup 'frequency_divider_1_second:frequency_divider_1_second|slow_clk'
Slack : -1.293
TNS   : -13.885

Type  : Slow 1200mV 85C Model Hold 'frequency_divider_1_second:frequency_divider_1_second|slow_clk'
Slack : 0.454
TNS   : 0.000

Type  : Slow 1200mV 85C Model Hold 'clk_in'
Slack : 0.624
TNS   : 0.000

Type  : Slow 1200mV 85C Model Minimum Pulse Width 'clk_in'
Slack : -3.000
TNS   : -52.071

Type  : Slow 1200mV 85C Model Minimum Pulse Width 'frequency_divider_1_second:frequency_divider_1_second|slow_clk'
Slack : -1.487
TNS   : -25.279

Type  : Slow 1200mV 0C Model Setup 'clk_in'
Slack : -3.209
TNS   : -98.507

Type  : Slow 1200mV 0C Model Setup 'frequency_divider_1_second:frequency_divider_1_second|slow_clk'
Slack : -1.140
TNS   : -11.728

Type  : Slow 1200mV 0C Model Hold 'frequency_divider_1_second:frequency_divider_1_second|slow_clk'
Slack : 0.402
TNS   : 0.000

Type  : Slow 1200mV 0C Model Hold 'clk_in'
Slack : 0.555
TNS   : 0.000

Type  : Slow 1200mV 0C Model Minimum Pulse Width 'clk_in'
Slack : -3.000
TNS   : -52.071

Type  : Slow 1200mV 0C Model Minimum Pulse Width 'frequency_divider_1_second:frequency_divider_1_second|slow_clk'
Slack : -1.487
TNS   : -25.279

Type  : Fast 1200mV 0C Model Setup 'clk_in'
Slack : -0.843
TNS   : -25.333

Type  : Fast 1200mV 0C Model Setup 'frequency_divider_1_second:frequency_divider_1_second|slow_clk'
Slack : 0.026
TNS   : 0.000

Type  : Fast 1200mV 0C Model Hold 'frequency_divider_1_second:frequency_divider_1_second|slow_clk'
Slack : 0.186
TNS   : 0.000

Type  : Fast 1200mV 0C Model Hold 'clk_in'
Slack : 0.254
TNS   : 0.000

Type  : Fast 1200mV 0C Model Minimum Pulse Width 'clk_in'
Slack : -3.000
TNS   : -37.930

Type  : Fast 1200mV 0C Model Minimum Pulse Width 'frequency_divider_1_second:frequency_divider_1_second|slow_clk'
Slack : -1.000
TNS   : -17.000

------------------------------------------------------------
