------------------------------------------------------------
TimeQuest Timing Analyzer Summary
------------------------------------------------------------

Type  : Slow 1200mV 85C Model Setup 'clk_in'
Slack : -3.552
TNS   : -107.732

Type  : Slow 1200mV 85C Model Setup 'frequency_divider_1_second:frequency_divider_1_second|slow_clk'
Slack : -1.494
TNS   : -6.709

Type  : Slow 1200mV 85C Model Hold 'frequency_divider_1_second:frequency_divider_1_second|slow_clk'
Slack : -0.151
TNS   : -0.151

Type  : Slow 1200mV 85C Model Hold 'clk_in'
Slack : 0.607
TNS   : 0.000

Type  : Slow 1200mV 85C Model Minimum Pulse Width 'clk_in'
Slack : -3.000
TNS   : -52.071

Type  : Slow 1200mV 85C Model Minimum Pulse Width 'frequency_divider_1_second:frequency_divider_1_second|slow_clk'
Slack : -1.487
TNS   : -16.357

Type  : Slow 1200mV 85C Model Minimum Pulse Width 'DeBounce:DeBounce|my_dff:d1|Q'
Slack : -1.487
TNS   : -1.487

Type  : Slow 1200mV 0C Model Setup 'clk_in'
Slack : -3.266
TNS   : -98.317

Type  : Slow 1200mV 0C Model Setup 'frequency_divider_1_second:frequency_divider_1_second|slow_clk'
Slack : -1.475
TNS   : -6.483

Type  : Slow 1200mV 0C Model Hold 'frequency_divider_1_second:frequency_divider_1_second|slow_clk'
Slack : -0.110
TNS   : -0.110

Type  : Slow 1200mV 0C Model Hold 'clk_in'
Slack : 0.532
TNS   : 0.000

Type  : Slow 1200mV 0C Model Minimum Pulse Width 'clk_in'
Slack : -3.000
TNS   : -52.071

Type  : Slow 1200mV 0C Model Minimum Pulse Width 'frequency_divider_1_second:frequency_divider_1_second|slow_clk'
Slack : -1.487
TNS   : -16.357

Type  : Slow 1200mV 0C Model Minimum Pulse Width 'DeBounce:DeBounce|my_dff:d1|Q'
Slack : -1.487
TNS   : -1.506

Type  : Fast 1200mV 0C Model Setup 'clk_in'
Slack : -1.025
TNS   : -26.518

Type  : Fast 1200mV 0C Model Setup 'frequency_divider_1_second:frequency_divider_1_second|slow_clk'
Slack : 0.053
TNS   : 0.000

Type  : Fast 1200mV 0C Model Hold 'frequency_divider_1_second:frequency_divider_1_second|slow_clk'
Slack : -0.109
TNS   : -0.109

Type  : Fast 1200mV 0C Model Hold 'clk_in'
Slack : 0.253
TNS   : 0.000

Type  : Fast 1200mV 0C Model Minimum Pulse Width 'clk_in'
Slack : -3.000
TNS   : -38.030

Type  : Fast 1200mV 0C Model Minimum Pulse Width 'frequency_divider_1_second:frequency_divider_1_second|slow_clk'
Slack : -1.000
TNS   : -11.000

Type  : Fast 1200mV 0C Model Minimum Pulse Width 'DeBounce:DeBounce|my_dff:d1|Q'
Slack : -1.000
TNS   : -1.000

------------------------------------------------------------
